I'm sorry, but errors were detected in your script. Please correct the
errors listed below, and try again.


The label Inicio1 is defined twice, at File "game/character1.rpyc", line 5:

and File "game/historias/character1.rpy", line 5:
label Inicio1:


The label Inicio2 is defined twice, at File "game/character2.rpyc", line 5:

and File "game/historias/character2.rpy", line 5:
label Inicio2:


The label Inicio3 is defined twice, at File "game/character3.rpyc", line 5:

and File "game/historias/character3.rpy", line 5:
label Inicio3:


Ren'Py Version: Ren'Py 8.1.1.23060707
Tue Sep 26 18:02:10 2023
